[1/2] SPLIT config/GSAP01-DEBUG/config.yml
FAILED: build/GSAP01-DEBUG/config.json 
build/tools/dtk dol split config/GSAP01-DEBUG/config.yml build/GSAP01-DEBUG
 INFO Loading config/GSAP01-DEBUG/config.yml
 INFO Loading and analyzing 1 module (using 1 thread)
 WARN module{name=default}: Control flow from 3:0x80007480 hit known function 3:0x800074D8 (instruction: 3:0x800074D8)    
 WARN module{name=default}: Control flow from 3:0x800074D8 hit known function 3:0x800074E8 (instruction: 3:0x800074E8)    
 WARN module{name=default}: Control flow from 3:0x8000FFD0 hit known function 3:0x80010010 (instruction: 3:0x80010010)    
 WARN module{name=default}: Control flow from 3:0x8005B674 hit known function 3:0x8005B678 (instruction: 3:0x8005B678)    
 WARN module{name=default}: Control flow from 3:0x8005B678 hit known function 3:0x8005B67C (instruction: 3:0x8005B67C)    
 WARN module{name=default}: Control flow from 3:0x8005B67C hit known function 3:0x8005B680 (instruction: 3:0x8005B680)    
 WARN module{name=default}: Control flow from 3:0x8005B680 hit known function 3:0x8005B684 (instruction: 3:0x8005B684)    
 WARN module{name=default}: Control flow from 3:0x8005B684 hit known function 3:0x8005B688 (instruction: 3:0x8005B688)    
 WARN module{name=default}: Control flow from 3:0x8005B688 hit known function 3:0x8005B68C (instruction: 3:0x8005B68C)    
 WARN module{name=default}: Control flow from 3:0x8005B68C hit known function 3:0x8005B690 (instruction: 3:0x8005B690)    
 WARN module{name=default}: Control flow from 3:0x8005B690 hit known function 3:0x8005B694 (instruction: 3:0x8005B694)    
 WARN module{name=default}: Control flow from 3:0x8005B694 hit known function 3:0x8005B698 (instruction: 3:0x8005B698)    
 WARN module{name=default}: Control flow from 3:0x8005B698 hit known function 3:0x8005B69C (instruction: 3:0x8005B69C)    
 WARN module{name=default}: Control flow from 3:0x8005B69C hit known function 3:0x8005B6A0 (instruction: 3:0x8005B6A0)    
 WARN module{name=default}: Control flow from 3:0x8005B6A0 hit known function 3:0x8005B6A4 (instruction: 3:0x8005B6A4)    
 WARN module{name=default}: Control flow from 3:0x8005B6A4 hit known function 3:0x8005B6A8 (instruction: 3:0x8005B6A8)    
 WARN module{name=default}: Control flow from 3:0x8005B6A8 hit known function 3:0x8005B6AC (instruction: 3:0x8005B6AC)    
 WARN module{name=default}: Control flow from 3:0x8005B6AC hit known function 3:0x8005B6B0 (instruction: 3:0x8005B6B0)    
 WARN module{name=default}: Control flow from 3:0x8005B6B0 hit known function 3:0x8005B6B4 (instruction: 3:0x8005B6B4)    
 WARN module{name=default}: Control flow from 3:0x8005B6B4 hit known function 3:0x8005B6B8 (instruction: 3:0x8005B6B8)    
 WARN module{name=default}: Control flow from 3:0x8005B6C0 hit known function 3:0x8005B6C4 (instruction: 3:0x8005B6C4)    
 WARN module{name=default}: Control flow from 3:0x8005B6C4 hit known function 3:0x8005B6C8 (instruction: 3:0x8005B6C8)    
 WARN module{name=default}: Control flow from 3:0x8005B6C8 hit known function 3:0x8005B6CC (instruction: 3:0x8005B6CC)    
 WARN module{name=default}: Control flow from 3:0x8005B6CC hit known function 3:0x8005B6D0 (instruction: 3:0x8005B6D0)    
 WARN module{name=default}: Control flow from 3:0x8005B6D0 hit known function 3:0x8005B6D4 (instruction: 3:0x8005B6D4)    
 WARN module{name=default}: Control flow from 3:0x8005B6D4 hit known function 3:0x8005B6D8 (instruction: 3:0x8005B6D8)    
 WARN module{name=default}: Control flow from 3:0x8005B6D8 hit known function 3:0x8005B6DC (instruction: 3:0x8005B6DC)    
 WARN module{name=default}: Control flow from 3:0x8005B6DC hit known function 3:0x8005B6E0 (instruction: 3:0x8005B6E0)    
 WARN module{name=default}: Control flow from 3:0x8005B6E0 hit known function 3:0x8005B6E4 (instruction: 3:0x8005B6E4)    
 WARN module{name=default}: Control flow from 3:0x8005B6E4 hit known function 3:0x8005B6E8 (instruction: 3:0x8005B6E8)    
 WARN module{name=default}: Control flow from 3:0x8005B6E8 hit known function 3:0x8005B6EC (instruction: 3:0x8005B6EC)    
 WARN module{name=default}: Control flow from 3:0x8005B6EC hit known function 3:0x8005B6F0 (instruction: 3:0x8005B6F0)    
 WARN module{name=default}: Control flow from 3:0x8005B6F0 hit known function 3:0x8005B6F4 (instruction: 3:0x8005B6F4)    
 WARN module{name=default}: Control flow from 3:0x8005B6F4 hit known function 3:0x8005B6F8 (instruction: 3:0x8005B6F8)    
 WARN module{name=default}: Control flow from 3:0x8005B6F8 hit known function 3:0x8005B6FC (instruction: 3:0x8005B6FC)    
 WARN module{name=default}: Control flow from 3:0x8005B6FC hit known function 3:0x8005B700 (instruction: 3:0x8005B700)    
 WARN module{name=default}: Control flow from 3:0x8005B700 hit known function 3:0x8005B704 (instruction: 3:0x8005B704)    
 WARN module{name=default}: Control flow from 3:0x80065FF8 hit known function 3:0x800661BC (instruction: 3:0x800661BC)    
 WARN module{name=default}: Control flow from 3:0x8014C48C hit known function 3:0x8014CB28 (instruction: 3:0x8014CB28)    
 WARN module{name=default}: Control flow from 3:0x801D7118 hit known function 3:0x801D7160 (instruction: 3:0x801D7160)    
 WARN module{name=default}: Control flow from 3:0x80201378 hit known function 3:0x80201448 (instruction: 3:0x80201448)    
 WARN module{name=default}: Control flow from 3:0x80243874 hit known function 3:0x80243BE4 (instruction: 3:0x80243BE4)    
 WARN module{name=default}: Control flow from 3:0x80247DF4 hit known function 3:0x80248148 (instruction: 3:0x80248148)    
 WARN module{name=default}: Control flow from 3:0x8027DB08 hit known function 3:0x8027DB48 (instruction: 3:0x8027DB48)    
 WARN module{name=default}: Control flow from 3:0x80283F80 hit known function 3:0x8028410C (instruction: 3:0x8028410C)    
 WARN module{name=default}: Control flow from 3:0x8004FAC4 hit known function 3:0x8004FAE4 (instruction: 3:0x8004FAE4)    
 WARN module{name=default}: Control flow from 3:0x8025F118 hit known function 3:0x8025F138 (instruction: 3:0x8025F138)    
 INFO Initial analysis completed in 1.307s (found 11712 functions)
 INFO Rebuilding relocations and splitting
Failed: While processing object 'default.dol' (module ID 0)

Caused by:
    Split unk80336290 .bss (0x80336290..0x80336FB0) ends within symbol 'lbl_80336FA4' (0x80336FA4..0x80336FB4)
ninja: error: rebuilding 'build.ninja': subcommand failed
